
> ddt-structure@0.1.0 build
> next build

  Ôû▓ Next.js 14.2.35
  - Environments: .env.local

   Creating an optimized production build ...
 Ô£ô Compiled successfully
   Linting and checking validity of types ...
cmd.exe : Failed to compile.
At line:1 char:1
+ cmd.exe /c npm run build > build_output.txt 2>&1
+ ~~~~~~~~~~~~~~~~~~~~~~~~~~~~~~~~~~~~~~~~~~~~~~~~
    + CategoryInfo          : NotSpecified: (Failed to compile.:String) [], RemoteException
    + FullyQualifiedErrorId : NativeCommandError
 

./src/server/routers/performance.ts:76:34
Type error: Parameter 'user' implicitly has an 'any' type.

[0m [90m 74 |[39m[0m
[0m [90m 75 |[39m       [90m// Calculate efficiency for each user[39m[0m
[0m[31m[1m>[22m[39m[90m 76 |[39m       [36mconst[39m reports [33m=[39m users[33m.[39mmap((user) 
[33m=>[39m {[0m
[0m [90m    |[39m                                  [31m[1m^[22m[39m[0m
[0m [90m 77 |[39m         [36mconst[39m userAssignments [33m=[39m assignments[33m.[39mfilter((a) [33m=>[39m 
a[33m.[39massigned_to [33m===[39m user[33m.[39mid)[33m;[39m[0m
[0m [90m 78 |[39m         [36mconst[39m userVisits [33m=[39m siteVisits[33m.[39mfilter((sv) [33m=>[39m 
sv[33m.[39mstaff_id [33m===[39m user[33m.[39mid)[33m;[39m[0m
[0m [90m 79 |[39m         [36mconst[39m userFaults [33m=[39m faults[33m.[39mfilter((f) [33m=>[39m 
f[33m.[39mreport_handler_id [33m===[39m user[33m.[39mid)[33m;[39m[0m
Next.js build worker exited with code: 1 and signal: null
